\BOOKMARK [1][-]{section.1}{\040title\040}{}% 1
\BOOKMARK [1][-]{section.2}{\040title\040}{}% 2
